.venv/bin/pip install -e ".[dev,paper]"
Obtaining file:///home/cesar/papers/artifact-lifecycle-lab/artifact-lifecycle-lab
  Installing build dependencies: started
  Installing build dependencies: finished with status 'done'
  Checking if build backend supports build_editable: started
  Checking if build backend supports build_editable: finished with status 'done'
  Getting requirements to build editable: started
  Getting requirements to build editable: finished with status 'done'
  Preparing editable metadata (pyproject.toml): started
  Preparing editable metadata (pyproject.toml): finished with status 'done'
Requirement already satisfied: pyarrow>=15.0.0 in ./.venv/lib/python3.12/site-packages (from artifact-lifecycle-lab==0.1.0) (24.0.0)
Requirement already satisfied: duckdb>=0.10.0 in ./.venv/lib/python3.12/site-packages (from artifact-lifecycle-lab==0.1.0) (1.5.4)
Requirement already satisfied: pyyaml>=6.0 in ./.venv/lib/python3.12/site-packages (from artifact-lifecycle-lab==0.1.0) (6.0.3)
Requirement already satisfied: pytest>=8.0.0 in ./.venv/lib/python3.12/site-packages (from artifact-lifecycle-lab==0.1.0) (9.1.1)
Requirement already satisfied: matplotlib>=3.8.0 in ./.venv/lib/python3.12/site-packages (from artifact-lifecycle-lab==0.1.0) (3.11.0)
Requirement already satisfied: contourpy>=1.0.1 in ./.venv/lib/python3.12/site-packages (from matplotlib>=3.8.0->artifact-lifecycle-lab==0.1.0) (1.3.3)
Requirement already satisfied: cycler>=0.10 in ./.venv/lib/python3.12/site-packages (from matplotlib>=3.8.0->artifact-lifecycle-lab==0.1.0) (0.12.1)
Requirement already satisfied: fonttools>=4.22.0 in ./.venv/lib/python3.12/site-packages (from matplotlib>=3.8.0->artifact-lifecycle-lab==0.1.0) (4.63.0)
Requirement already satisfied: kiwisolver>=1.3.1 in ./.venv/lib/python3.12/site-packages (from matplotlib>=3.8.0->artifact-lifecycle-lab==0.1.0) (1.5.0)
Requirement already satisfied: numpy>=1.25 in ./.venv/lib/python3.12/site-packages (from matplotlib>=3.8.0->artifact-lifecycle-lab==0.1.0) (2.5.0)
Requirement already satisfied: packaging>=20.0 in ./.venv/lib/python3.12/site-packages (from matplotlib>=3.8.0->artifact-lifecycle-lab==0.1.0) (26.2)
Requirement already satisfied: pillow>=9 in ./.venv/lib/python3.12/site-packages (from matplotlib>=3.8.0->artifact-lifecycle-lab==0.1.0) (12.3.0)
Requirement already satisfied: pyparsing>=3 in ./.venv/lib/python3.12/site-packages (from matplotlib>=3.8.0->artifact-lifecycle-lab==0.1.0) (3.3.2)
Requirement already satisfied: python-dateutil>=2.7 in ./.venv/lib/python3.12/site-packages (from matplotlib>=3.8.0->artifact-lifecycle-lab==0.1.0) (2.9.0.post0)
Requirement already satisfied: iniconfig>=1.0.1 in ./.venv/lib/python3.12/site-packages (from pytest>=8.0.0->artifact-lifecycle-lab==0.1.0) (2.3.0)
Requirement already satisfied: pluggy<2,>=1.5 in ./.venv/lib/python3.12/site-packages (from pytest>=8.0.0->artifact-lifecycle-lab==0.1.0) (1.6.0)
Requirement already satisfied: pygments>=2.7.2 in ./.venv/lib/python3.12/site-packages (from pytest>=8.0.0->artifact-lifecycle-lab==0.1.0) (2.20.0)
Requirement already satisfied: six>=1.5 in ./.venv/lib/python3.12/site-packages (from python-dateutil>=2.7->matplotlib>=3.8.0->artifact-lifecycle-lab==0.1.0) (1.17.0)
Building wheels for collected packages: artifact-lifecycle-lab
  Building editable for artifact-lifecycle-lab (pyproject.toml): started
  Building editable for artifact-lifecycle-lab (pyproject.toml): finished with status 'done'
  Created wheel for artifact-lifecycle-lab: filename=artifact_lifecycle_lab-0.1.0-0.editable-py3-none-any.whl size=8742 sha256=5d4e3029d295e488fa0dcff3e792d4468985efa54ff3fcfa87ae3ca9dd331edd
  Stored in directory: /tmp/pip-ephem-wheel-cache-4oo69brs/wheels/52/4f/8a/65d4cdf357271f9b83ffcf8cd787058bea2df469d97b315c7b
Successfully built artifact-lifecycle-lab
Installing collected packages: artifact-lifecycle-lab
  Attempting uninstall: artifact-lifecycle-lab
    Found existing installation: artifact-lifecycle-lab 0.1.0
    Uninstalling artifact-lifecycle-lab-0.1.0:
      Successfully uninstalled artifact-lifecycle-lab-0.1.0
Successfully installed artifact-lifecycle-lab-0.1.0
.venv/bin/python -m artifact_lab.experiments.rq5_v2 run-phase0 \
  --output-dir exports/rq5_v2_factorial \
  --manifest exports/rq5_v2_factorial/phase0_manifest_repaired.json
make: *** [Makefile:297: rq5-v2-phase0-run] Terminado
